Archive member included to satisfy reference by file (symbol)

/home/zain/st/stm32cubeide_1.17.0_3/plugins/com.st.stm32cube.ide.mcu.externaltools.gnu-tools-for-stm32.12.3.rel1.linux64_1.1.0.202410170702/tools/bin/../lib/gcc/arm-none-eabi/12.3.1/../../../../arm-none-eabi/lib/thumb/v7e-m+fp/hard/libc_nano.a(libc_a-exit.o)
                              /home/zain/st/stm32cubeide_1.17.0_3/plugins/com.st.stm32cube.ide.mcu.externaltools.gnu-tools-for-stm32.12.3.rel1.linux64_1.1.0.202410170702/tools/bin/../lib/gcc/arm-none-eabi/12.3.1/../../../../arm-none-eabi/lib/thumb/v7e-m+fp/hard/crt0.o (exit)
/home/zain/st/stm32cubeide_1.17.0_3/plugins/com.st.stm32cube.ide.mcu.externaltools.gnu-tools-for-stm32.12.3.rel1.linux64_1.1.0.202410170702/tools/bin/../lib/gcc/arm-none-eabi/12.3.1/../../../../arm-none-eabi/lib/thumb/v7e-m+fp/hard/libc_nano.a(libc_a-findfp.o)
                              /home/zain/st/stm32cubeide_1.17.0_3/plugins/com.st.stm32cube.ide.mcu.externaltools.gnu-tools-for-stm32.12.3.rel1.linux64_1.1.0.202410170702/tools/bin/../lib/gcc/arm-none-eabi/12.3.1/../../../../arm-none-eabi/lib/thumb/v7e-m+fp/hard/libc_nano.a(libc_a-exit.o) (__stdio_exit_handler)
/home/zain/st/stm32cubeide_1.17.0_3/plugins/com.st.stm32cube.ide.mcu.externaltools.gnu-tools-for-stm32.12.3.rel1.linux64_1.1.0.202410170702/tools/bin/../lib/gcc/arm-none-eabi/12.3.1/../../../../arm-none-eabi/lib/thumb/v7e-m+fp/hard/libc_nano.a(libc_a-fwalk.o)
                              /home/zain/st/stm32cubeide_1.17.0_3/plugins/com.st.stm32cube.ide.mcu.externaltools.gnu-tools-for-stm32.12.3.rel1.linux64_1.1.0.202410170702/tools/bin/../lib/gcc/arm-none-eabi/12.3.1/../../../../arm-none-eabi/lib/thumb/v7e-m+fp/hard/libc_nano.a(libc_a-findfp.o) (_fwalk_sglue)
/home/zain/st/stm32cubeide_1.17.0_3/plugins/com.st.stm32cube.ide.mcu.externaltools.gnu-tools-for-stm32.12.3.rel1.linux64_1.1.0.202410170702/tools/bin/../lib/gcc/arm-none-eabi/12.3.1/../../../../arm-none-eabi/lib/thumb/v7e-m+fp/hard/libc_nano.a(libc_a-stdio.o)
                              /home/zain/st/stm32cubeide_1.17.0_3/plugins/com.st.stm32cube.ide.mcu.externaltools.gnu-tools-for-stm32.12.3.rel1.linux64_1.1.0.202410170702/tools/bin/../lib/gcc/arm-none-eabi/12.3.1/../../../../arm-none-eabi/lib/thumb/v7e-m+fp/hard/libc_nano.a(libc_a-findfp.o) (__sread)
/home/zain/st/stm32cubeide_1.17.0_3/plugins/com.st.stm32cube.ide.mcu.externaltools.gnu-tools-for-stm32.12.3.rel1.linux64_1.1.0.202410170702/tools/bin/../lib/gcc/arm-none-eabi/12.3.1/../../../../arm-none-eabi/lib/thumb/v7e-m+fp/hard/libc_nano.a(libc_a-memset.o)
                              /home/zain/st/stm32cubeide_1.17.0_3/plugins/com.st.stm32cube.ide.mcu.externaltools.gnu-tools-for-stm32.12.3.rel1.linux64_1.1.0.202410170702/tools/bin/../lib/gcc/arm-none-eabi/12.3.1/../../../../arm-none-eabi/lib/thumb/v7e-m+fp/hard/crt0.o (memset)
/home/zain/st/stm32cubeide_1.17.0_3/plugins/com.st.stm32cube.ide.mcu.externaltools.gnu-tools-for-stm32.12.3.rel1.linux64_1.1.0.202410170702/tools/bin/../lib/gcc/arm-none-eabi/12.3.1/../../../../arm-none-eabi/lib/thumb/v7e-m+fp/hard/libc_nano.a(libc_a-closer.o)
                              /home/zain/st/stm32cubeide_1.17.0_3/plugins/com.st.stm32cube.ide.mcu.externaltools.gnu-tools-for-stm32.12.3.rel1.linux64_1.1.0.202410170702/tools/bin/../lib/gcc/arm-none-eabi/12.3.1/../../../../arm-none-eabi/lib/thumb/v7e-m+fp/hard/libc_nano.a(libc_a-stdio.o) (_close_r)
/home/zain/st/stm32cubeide_1.17.0_3/plugins/com.st.stm32cube.ide.mcu.externaltools.gnu-tools-for-stm32.12.3.rel1.linux64_1.1.0.202410170702/tools/bin/../lib/gcc/arm-none-eabi/12.3.1/../../../../arm-none-eabi/lib/thumb/v7e-m+fp/hard/libc_nano.a(libc_a-reent.o)
                              /home/zain/st/stm32cubeide_1.17.0_3/plugins/com.st.stm32cube.ide.mcu.externaltools.gnu-tools-for-stm32.12.3.rel1.linux64_1.1.0.202410170702/tools/bin/../lib/gcc/arm-none-eabi/12.3.1/../../../../arm-none-eabi/lib/thumb/v7e-m+fp/hard/libc_nano.a(libc_a-closer.o) (errno)
/home/zain/st/stm32cubeide_1.17.0_3/plugins/com.st.stm32cube.ide.mcu.externaltools.gnu-tools-for-stm32.12.3.rel1.linux64_1.1.0.202410170702/tools/bin/../lib/gcc/arm-none-eabi/12.3.1/../../../../arm-none-eabi/lib/thumb/v7e-m+fp/hard/libc_nano.a(libc_a-impure.o)
                              /home/zain/st/stm32cubeide_1.17.0_3/plugins/com.st.stm32cube.ide.mcu.externaltools.gnu-tools-for-stm32.12.3.rel1.linux64_1.1.0.202410170702/tools/bin/../lib/gcc/arm-none-eabi/12.3.1/../../../../arm-none-eabi/lib/thumb/v7e-m+fp/hard/libc_nano.a(libc_a-reent.o) (_impure_ptr)
/home/zain/st/stm32cubeide_1.17.0_3/plugins/com.st.stm32cube.ide.mcu.externaltools.gnu-tools-for-stm32.12.3.rel1.linux64_1.1.0.202410170702/tools/bin/../lib/gcc/arm-none-eabi/12.3.1/../../../../arm-none-eabi/lib/thumb/v7e-m+fp/hard/libc_nano.a(libc_a-lseekr.o)
[...]
Memory Configuration

Name             Origin             Length             Attributes
RAM              0x20000000         0x00020000         xrw
FLASH            0x08000000         0x00080000         xr
*default*        0x00000000         0xffffffff

Linker script and memory map

LOAD /home/zain/st/stm32cubeide_1.17.0_3/plugins/com.st.stm32cube.ide.mcu.externaltools.gnu-tools-for-stm32.12.3.rel1.linux64_1.1.0.202410170702/tools/bin/../lib/gcc/arm-none-eabi/12.3.1/thumb/v7e-m+fp/hard/crti.o
LOAD /home/zain/st/stm32cubeide_1.17.0_3/plugins/com.st.stm32cube.ide.mcu.externaltools.gnu-tools-for-stm32.12.3.rel1.linux64_1.1.0.202410170702/tools/bin/../lib/gcc/arm-none-eabi/12.3.1/thumb/v7e-m+fp/hard/crtbegin.o
LOAD /home/zain/st/stm32cubeide_1.17.0_3/plugins/com.st.stm32cube.ide.mcu.externaltools.gnu-tools-for-stm32.12.3.rel1.linux64_1.1.0.202410170702/tools/bin/../lib/gcc/arm-none-eabi/12.3.1/../../../../arm-none-eabi/lib/thumb/v7e-m+fp/hard/crt0.o
LOAD ./Core/Src/CANSPI.o
LOAD ./Core/Src/MCP2515.o
LOAD ./Core/Src/main.o
LOAD ./Core/Src/stm32f4xx_hal_msp.o
LOAD ./Core/Src/stm32f4xx_it.o
LOAD ./Core/Src/syscalls.o
LOAD ./Core/Src/sysmem.o
LOAD ./Core/Src/system_stm32f4xx.o
LOAD ./Core/Startup/startup_stm32f411ceux.o
LOAD ./Drivers/STM32F4xx_HAL_Driver/Src/stm32f4xx_hal.o
LOAD ./Drivers/STM32F4xx_HAL_Driver/Src/stm32f4xx_hal_cortex.o
LOAD ./Drivers/STM32F4xx_HAL_Driver/Src/stm32f4xx_hal_dma.o
LOAD ./Drivers/STM32F4xx_HAL_Driver/Src/stm32f4xx_hal_dma_ex.o
LOAD ./Drivers/STM32F4xx_HAL_Driver/Src/stm32f4xx_hal_exti.o
LOAD ./Drivers/STM32F4xx_HAL_Driver/Src/stm32f4xx_hal_flash.o
LOAD ./Drivers/STM32F4xx_HAL_Driver/Src/stm32f4xx_hal_flash_ex.o
LOAD ./Drivers/STM32F4xx_HAL_Driver/Src/stm32f4xx_hal_flash_ramfunc.o
LOAD ./Drivers/STM32F4xx_HAL_Driver/Src/stm32f4xx_hal_gpio.o
LOAD ./Drivers/STM32F4xx_HAL_Driver/Src/stm32f4xx_hal_pwr.o
LOAD ./Drivers/STM32F4xx_HAL_Driver/Src/stm32f4xx_hal_pwr_ex.o
LOAD ./Drivers/STM32F4xx_HAL_Driver/Src/stm32f4xx_hal_rcc.o
LOAD ./Drivers/STM32F4xx_HAL_Driver/Src/stm32f4xx_hal_rcc_ex.o
LOAD ./Drivers/STM32F4xx_HAL_Driver/Src/stm32f4xx_hal_spi.o
START GROUP
LOAD /home/zain/st/stm32cubeide_1.17.0_3/plugins/com.st.stm32cube.ide.mcu.externaltools.gnu-tools-for-stm32.12.3.rel1.linux64_1.1.0.202410170702/tools/bin/../lib/gcc/arm-none-eabi/12.3.1/../../../../arm-none-eabi/lib/thumb/v7e-m+fp/hard/libc_nano.a
LOAD /home/zain/st/stm32cubeide_1.17.0_3/plugins/com.st.stm32cube.ide.mcu.externaltools.gnu-tools-for-stm32.12.3.rel1.linux64_1.1.0.202410170702/tools/bin/../lib/gcc/arm-none-eabi/12.3.1/../../../../arm-none-eabi/lib/thumb/v7e-m+fp/hard/libm.a
END GROUP
START GROUP
LOAD /home/zain/st/stm32cubeide_1.17.0_3/plugins/com.st.stm32cube.ide.mcu.externaltools.gnu-tools-for-stm32.12.3.rel1.linux64_1.1.0.202410170702/tools/bin/../lib/gcc/arm-none-eabi/12.3.1/thumb/v7e-m+fp/hard/libgcc.a
LOAD /home/zain/st/stm32cubeide_1.17.0_3/plugins/com.st.stm32cube.ide.mcu.externaltools.gnu-tools-for-stm32.12.3.rel1.linux64_1.1.0.202410170702/tools/bin/../lib/gcc/arm-none-eabi/12.3.1/../../../../arm-none-eabi/lib/thumb/v7e-m+fp/hard/libc_nano.a
END GROUP
START GROUP
LOAD /home/zain/st/stm32cubeide_1.17.0_3/plugins/com.st.stm32cube.ide.mcu.externaltools.gnu-tools-for-stm32.12.3.rel1.linux64_1.1.0.202410170702/tools/bin/../lib/gcc/arm-none-eabi/12.3.1/thumb/v7e-m+fp/hard/libgcc.a
LOAD /home/zain/st/stm32cubeide_1.17.0_3/plugins/com.st.stm32cube.ide.mcu.externaltools.gnu-tools-for-stm32.12.3.rel1.linux64_1.1.0.202410170702/tools/bin/../lib/gcc/arm-none-eabi/12.3.1/../../../../arm-none-eabi/lib/thumb/v7e-m+fp/hard/libc_nano.a
LOAD /home/zain/st/stm32cubeide_1.17.0_3/plugins/com.st.stm32cube.ide.mcu.externaltools.gnu-tools-for-stm32.12.3.rel1.linux64_1.1.0.202410170702/tools/bin/../lib/gcc/arm-none-eabi/12.3.1/../../../../arm-none-eabi/lib/thumb/v7e-m+fp/hard/libnosys.a
END GROUP
START GROUP
LOAD /home/zain/st/stm32cubeide_1.17.0_3/plugins/com.st.stm32cube.ide.mcu.externaltools.gnu-tools-for-stm32.12.3.rel1.linux64_1.1.0.202410170702/tools/bin/../lib/gcc/arm-none-eabi/12.3.1/thumb/v7e-m+fp/hard/libgcc.a
LOAD /home/zain/st/stm32cubeide_1.17.0_3/plugins/com.st.stm32cube.ide.mcu.externaltools.gnu-tools-for-stm32.12.3.rel1.linux64_1.1.0.202410170702/tools/bin/../lib/gcc/arm-none-eabi/12.3.1/../../../../arm-none-eabi/lib/thumb/v7e-m+fp/hard/libc_nano.a
LOAD /home/zain/st/stm32cubeide_1.17.0_3/plugins/com.st.stm32cube.ide.mcu.externaltools.gnu-tools-for-stm32.12.3.rel1.linux64_1.1.0.202410170702/tools/bin/../lib/gcc/arm-none-eabi/12.3.1/../../../../arm-none-eabi/lib/thumb/v7e-m+fp/hard/libnosys.a
END GROUP
LOAD /home/zain/st/stm32cubeide_1.17.0_3/plugins/com.st.stm32cube.ide.mcu.externaltools.gnu-tools-for-stm32.12.3.rel1.linux64_1.1.0.202410170702/tools/bin/../lib/gcc/arm-none-eabi/12.3.1/thumb/v7e-m+fp/hard/crtend.o
LOAD /home/zain/st/stm32cubeide_1.17.0_3/plugins/com.st.stm32cube.ide.mcu.externaltools.gnu-tools-for-stm32.12.3.rel1.linux64_1.1.0.202410170702/tools/bin/../lib/gcc/arm-none-eabi/12.3.1/thumb/v7e-m+fp/hard/crtn.o
                0x20020000                        _estack = (ORIGIN (RAM) + LENGTH (RAM))
                0x00000200                        _Min_Heap_Size = 0x200
                0x00000400                        _Min_Stack_Size = 0x400

.isr_vector     0x08000000      0x198
                0x08000000                        . = ALIGN (0x4)
 *(.isr_vector)
 .isr_vector    0x08000000      0x198 ./Core/Startup/startup_stm32f411ceux.o
                0x08000000                g_pfnVectors
                0x08000198                        . = ALIGN (0x4)

.text           0x08000198     0x2a54
                0x08000198                        . = ALIGN (0x4)
 *(.text)
 .text          0x08000198       0x40 /home/zain/st/stm32cubeide_1.17.0_3/plugins/com.st.stm32cube.ide.mcu.externaltools.gnu-tools-for-stm32.12.3.rel1.linux64_1.1.0.202410170702/tools/bin/../lib/gcc/arm-none-eabi/12.3.1/thumb/v7e-m+fp/hard/crtbegin.o
 .text          0x080001d8       0x30 /home/zain/st/stm32cubeide_1.17.0_3/plugins/com.st.stm32cube.ide.mcu.externaltools.gnu-tools-for-stm32.12.3.rel1.linux64_1.1.0.202410170702/tools/bin/../lib/gcc/arm-none-eabi/12.3.1/thumb/v7e-m+fp/hard/libgcc.a(_aeabi_uldivmod.o)
                0x080001d8                __aeabi_uldivmod
 .text          0x08000208      0x2bc /home/zain/st/stm32cubeide_1.17.0_3/plugins/com.st.stm32cube.ide.mcu.externaltools.gnu-tools-for-stm32.12.3.rel1.linux64_1.1.0.202410170702/tools/bin/../lib/gcc/arm-none-eabi/12.3.1/thumb/v7e-m+fp/hard/libgcc.a(_udivmoddi4.o)
                0x08000208                __udivmoddi4
 .text          0x080004c4        0x4 /home/zain/st/stm32cubeide_1.17.0_3/plugins/com.st.stm32cube.ide.mcu.externaltools.gnu-tools-for-stm32.12.3.rel1.linux64_1.1.0.202410170702/tools/bin/../lib/gcc/arm-none-eabi/12.3.1/thumb/v7e-m+fp/hard/libgcc.a(_dvmd_tls.o)
                0x080004c4                __aeabi_ldiv0
                0x080004c4                __aeabi_idiv0
 *(.text*)
 .text.CANSPI_Initialize
                0x080004c8      0x160 ./Core/Src/CANSPI.o
                0x080004c8                CANSPI_Initialize
 .text.CANSPI_Receive
                0x08000628       0xf8 ./Core/Src/CANSPI.o
                0x08000628                CANSPI_Receive
 .text.convertReg2ExtendedCANid
                0x08000720       0x7c ./Core/Src/CANSPI.o
 .text.convertReg2StandardCANid
                0x0800079c       0x3a ./Core/Src/CANSPI.o
 *fill*         0x080007d6        0x2 
 .text.MCP2515_Initialize
                0x080007d8       0x44 ./Core/Src/MCP2515.o
                0x080007d8                MCP2515_Initialize
 .text.MCP2515_SetConfigMode
                0x0800081c       0x3c ./Core/Src/MCP2515.o
                0x0800081c                MCP2515_SetConfigMode
 .text.MCP2515_SetNormalMode
                0x08000858       0x3c ./Core/Src/MCP2515.o
                0x08000858                MCP2515_SetNormalMode
 .text.MCP2515_ReadByte
                0x08000894       0x44 ./Core/Src/MCP2515.o
                0x08000894                MCP2515_ReadByte
 .text.MCP2515_ReadRxSequence
                0x080008d8       0x44 ./Core/Src/MCP2515.o
                0x080008d8                MCP2515_ReadRxSequence
 .text.MCP2515_WriteByte
                0x0800091c       0x48 ./Core/Src/MCP2515.o
                0x0800091c                MCP2515_WriteByte
 .text.MCP2515_WriteByteSequence
                0x08000964       0x54 ./Core/Src/MCP2515.o
                0x08000964                MCP2515_WriteByteSequence
 .text.MCP2515_GetRxStatus
                0x080009b8       0x38 ./Core/Src/MCP2515.o
                0x080009b8                MCP2515_GetRxStatus
 .text.SPI_Tx   0x080009f0       0x24 ./Core/Src/MCP2515.o
 .text.SPI_TxBuffer
                0x08000a14       0x28 ./Core/Src/MCP2515.o
 .text.SPI_Rx   0x08000a3c       0x20 ./Core/Src/MCP2515.o
 .text.SPI_RxBuffer
                0x08000a5c       0x28 ./Core/Src/MCP2515.o
 .text.process_heartbeat
                0x08000a84       0x38 ./Core/Src/main.o
                0x08000a84                process_heartbeat
 .text.check_heartbeats
                0x08000abc       0x68 ./Core/Src/main.o
                0x08000abc                check_heartbeats
 .text.process_thruster_current
                0x08000b24       0x2c ./Core/Src/main.o
                0x08000b24                process_thruster_current
 .text.process_thruster_pwm
                0x08000b50       0x2c ./Core/Src/main.o
                0x08000b50                process_thruster_pwm
 .text.process_imu
                0x08000b7c       0x54 ./Core/Src/main.o
                0x08000b7c                process_imu
 .text.process_arm
                0x08000bd0       0x2c ./Core/Src/main.o
                0x08000bd0                process_arm
 .text.process_depth
                0x08000bfc       0x20 ./Core/Src/main.o
                0x08000bfc                process_depth
 .text.process_indicator
                0x08000c1c       0x20 ./Core/Src/main.o
                0x08000c1c                process_indicator
 .text.CAN_Receive_Callback
                0x08000c3c      0x120 ./Core/Src/main.o
                0x08000c3c                CAN_Receive_Callback
 .text.log_error
                0x08000d5c       0x12 ./Core/Src/main.o
                0x08000d5c                log_error
 .text.log_warning
                0x08000d6e       0x12 ./Core/Src/main.o
                0x08000d6e                log_warning
 .text.log_info
                0x08000d80       0x12 ./Core/Src/main.o
                0x08000d80                log_info
 .text.main     0x08000d92       0x2a ./Core/Src/main.o
                0x08000d92                main
 .text.SystemClock_Config
                0x08000dbc       0xd0 ./Core/Src/main.o
                0x08000dbc                SystemClock_Config
 .text.MX_SPI1_Init
                0x08000e8c       0x6c ./Core/Src/main.o
 .text.MX_GPIO_Init
                0x08000ef8       0x84 ./Core/Src/main.o
 .text.Error_Handler
                0x08000f7c        0xc ./Core/Src/main.o
                0x08000f7c                Error_Handler
 .text.HAL_MspInit
                0x08000f88       0x50 ./Core/Src/stm32f4xx_hal_msp.o
                0x08000f88                HAL_MspInit
 .text.HAL_SPI_MspInit
                0x08000fd8       0x90 ./Core/Src/stm32f4xx_hal_msp.o
                0x08000fd8                HAL_SPI_MspInit
 .text.NMI_Handler
                0x08001068        0x8 ./Core/Src/stm32f4xx_it.o
                0x08001068                NMI_Handler
 .text.HardFault_Handler
                0x08001070        0x8 ./Core/Src/stm32f4xx_it.o
                0x08001070                HardFault_Handler
 .text.MemManage_Handler
                0x08001078        0x8 ./Core/Src/stm32f4xx_it.o
                0x08001078                MemManage_Handler
 .text.BusFault_Handler
                0x08001080        0x8 ./Core/Src/stm32f4xx_it.o
                0x08001080                BusFault_Handler
 .text.UsageFault_Handler
                0x08001088        0x8 ./Core/Src/stm32f4xx_it.o
                0x08001088                UsageFault_Handler
 .text.SVC_Handler
                0x08001090        0xe ./Core/Src/stm32f4xx_it.o
                0x08001090                SVC_Handler
 .text.DebugMon_Handler
                0x0800109e        0xe ./Core/Src/stm32f4xx_it.o
                0x0800109e                DebugMon_Handler
 .text.PendSV_Handler
                0x080010ac        0xe ./Core/Src/stm32f4xx_it.o
                0x080010ac                PendSV_Handler
 .text.SysTick_Handler
                0x080010ba        0xc ./Core/Src/stm32f4xx_it.o
                0x080010ba                SysTick_Handler
 *fill*         0x080010c6        0x2 
 .text.SystemInit
                0x080010c8       0x24 ./Core/Src/system_stm32f4xx.o
                0x080010c8                SystemInit
 .text.Reset_Handler
                0x080010ec       0x50 ./Core/Startup/startup_stm32f411ceux.o
                0x080010ec                Reset_Handler
 .text.Default_Handler
                0x0800113c        0x2 ./Core/Startup/startup_stm32f411ceux.o
                0x0800113c                RTC_Alarm_IRQHandler
                0x0800113c                EXTI2_IRQHandler
                0x0800113c                SPI4_IRQHandler
                0x0800113c                TIM1_CC_IRQHandler
                0x0800113c                DMA2_Stream5_IRQHandler
                0x0800113c                DMA1_Stream5_IRQHandler
                0x0800113c                PVD_IRQHandler
                0x0800113c                SDIO_IRQHandler
                0x0800113c                TAMP_STAMP_IRQHandler
                0x0800113c                EXTI3_IRQHandler
                0x0800113c                TIM1_UP_TIM10_IRQHandler
                0x0800113c                I2C3_ER_IRQHandler
                0x0800113c                EXTI0_IRQHandler
                0x0800113c                I2C2_EV_IRQHandler
                0x0800113c                DMA1_Stream2_IRQHandler
                0x0800113c                FPU_IRQHandler
                0x0800113c                DMA2_Stream2_IRQHandler
                0x0800113c                SPI1_IRQHandler
                0x0800113c                TIM1_BRK_TIM9_IRQHandler
                0x0800113c                DMA2_Stream3_IRQHandler
                0x0800113c                USART6_IRQHandler
                0x0800113c                DMA2_Stream0_IRQHandler
                0x0800113c                TIM4_IRQHandler
                0x0800113c                I2C1_EV_IRQHandler
                0x0800113c                DMA1_Stream6_IRQHandler
                0x0800113c                DMA1_Stream1_IRQHandler
                0x0800113c                TIM3_IRQHandler
                0x0800113c                RCC_IRQHandler
                0x0800113c                Default_Handler
                0x0800113c                EXTI15_10_IRQHandler
                0x0800113c                ADC_IRQHandler
                0x0800113c                DMA1_Stream7_IRQHandler
                0x0800113c                SPI5_IRQHandler
                0x0800113c                TIM5_IRQHandler
                0x0800113c                DMA2_Stream7_IRQHandler
                0x0800113c                I2C3_EV_IRQHandler
                0x0800113c                EXTI9_5_IRQHandler
                0x0800113c                RTC_WKUP_IRQHandler
                0x0800113c                SPI2_IRQHandler
                0x0800113c                DMA1_Stream0_IRQHandler
                0x0800113c                EXTI4_IRQHandler
                0x0800113c                WWDG_IRQHandler
                0x0800113c                TIM2_IRQHandler
                0x0800113c                OTG_FS_WKUP_IRQHandler
                0x0800113c                TIM1_TRG_COM_TIM11_IRQHandler
                0x0800113c                EXTI1_IRQHandler
                0x0800113c                USART2_IRQHandler
                0x0800113c                I2C2_ER_IRQHandler
                0x0800113c                DMA2_Stream1_IRQHandler
                0x0800113c                FLASH_IRQHandler
                0x0800113c                DMA2_Stream4_IRQHandler
                0x0800113c                USART1_IRQHandler
                0x0800113c                OTG_FS_IRQHandler
                0x0800113c                SPI3_IRQHandler
                0x0800113c                DMA1_Stream4_IRQHandler
                0x0800113c                I2C1_ER_IRQHandler
                0x0800113c                DMA2_Stream6_IRQHandler
                0x0800113c                DMA1_Stream3_IRQHandler
 *fill*         0x0800113e        0x2 
 .text.HAL_Init
                0x08001140       0x44 ./Drivers/STM32F4xx_HAL_Driver/Src/stm32f4xx_hal.o
                0x08001140                HAL_Init
 .text.HAL_InitTick
                0x08001184       0x60 ./Drivers/STM32F4xx_HAL_Driver/Src/stm32f4xx_hal.o
                0x08001184                HAL_InitTick
 .text.HAL_IncTick
                0x080011e4       0x28 ./Drivers/STM32F4xx_HAL_Driver/Src/stm32f4xx_hal.o
                0x080011e4                HAL_IncTick
 .text.HAL_GetTick
                0x0800120c       0x18 ./Drivers/STM32F4xx_HAL_Driver/Src/stm32f4xx_hal.o
                0x0800120c                HAL_GetTick
 .text.HAL_Delay
                0x08001224       0x48 ./Drivers/STM32F4xx_HAL_Driver/Src/stm32f4xx_hal.o
                0x08001224                HAL_Delay
 .text.__NVIC_SetPriorityGrouping
                0x0800126c       0x48 ./Drivers/STM32F4xx_HAL_Driver/Src/stm32f4xx_hal_cortex.o
 .text.__NVIC_GetPriorityGrouping
                0x080012b4       0x1c ./Drivers/STM32F4xx_HAL_Driver/Src/stm32f4xx_hal_cortex.o
 .text.__NVIC_SetPriority
                0x080012d0       0x54 ./Drivers/STM32F4xx_HAL_Driver/Src/stm32f4xx_hal_cortex.o
 .text.NVIC_EncodePriority
                0x08001324       0x66 ./Drivers/STM32F4xx_HAL_Driver/Src/stm32f4xx_hal_cortex.o
 *fill*         0x0800138a        0x2 
 .text.SysTick_Config
                0x0800138c       0x44 ./Drivers/STM32F4xx_HAL_Driver/Src/stm32f4xx_hal_cortex.o
 .text.HAL_NVIC_SetPriorityGrouping
                0x080013d0       0x16 ./Drivers/STM32F4xx_HAL_Driver/Src/stm32f4xx_hal_cortex.o
                0x080013d0                HAL_NVIC_SetPriorityGrouping
 .text.HAL_NVIC_SetPriority
                0x080013e6       0x38 ./Drivers/STM32F4xx_HAL_Driver/Src/stm32f4xx_hal_cortex.o
                0x080013e6                HAL_NVIC_SetPriority
 .text.HAL_SYSTICK_Config
                0x0800141e       0x18 ./Drivers/STM32F4xx_HAL_Driver/Src/stm32f4xx_hal_cortex.o
                0x0800141e                HAL_SYSTICK_Config
 *fill*         0x08001436        0x2 
 .text.HAL_GPIO_Init
                0x08001438      0x308 ./Drivers/STM32F4xx_HAL_Driver/Src/stm32f4xx_hal_gpio.o
                0x08001438                HAL_GPIO_Init
 .text.HAL_GPIO_WritePin
                0x08001740       0x32 ./Drivers/STM32F4xx_HAL_Driver/Src/stm32f4xx_hal_gpio.o
                0x08001740                HAL_GPIO_WritePin
 *fill*         0x08001772        0x2 
 .text.HAL_RCC_OscConfig
                0x08001774      0x4f0 ./Drivers/STM32F4xx_HAL_Driver/Src/stm32f4xx_hal_rcc.o
                0x08001774                HAL_RCC_OscConfig
 .text.HAL_RCC_ClockConfig
                0x08001c64      0x1cc ./Drivers/STM32F4xx_HAL_Driver/Src/stm32f4xx_hal_rcc.o
                0x08001c64                HAL_RCC_ClockConfig
 .text.HAL_RCC_GetSysClockFreq
                0x08001e30      0x18c ./Drivers/STM32F4xx_HAL_Driver/Src/stm32f4xx_hal_rcc.o
                0x08001e30                HAL_RCC_GetSysClockFreq
 .text.HAL_SPI_Init
                0x08001fbc      0x112 ./Drivers/STM32F4xx_HAL_Driver/Src/stm32f4xx_hal_spi.o
                0x08001fbc                HAL_SPI_Init
 .text.HAL_SPI_Transmit
                0x080020ce      0x288 ./Drivers/STM32F4xx_HAL_Driver/Src/stm32f4xx_hal_spi.o
                0x080020ce                HAL_SPI_Transmit
 .text.HAL_SPI_Receive
                0x08002356      0x232 ./Drivers/STM32F4xx_HAL_Driver/Src/stm32f4xx_hal_spi.o
                0x08002356                HAL_SPI_Receive
 .text.HAL_SPI_TransmitReceive
                0x08002588      0x352 ./Drivers/STM32F4xx_HAL_Driver/Src/stm32f4xx_hal_spi.o
                0x08002588                HAL_SPI_TransmitReceive
 .text.HAL_SPI_GetState
                0x080028da       0x1c ./Drivers/STM32F4xx_HAL_Driver/Src/stm32f4xx_hal_spi.o
                0x080028da                HAL_SPI_GetState
 *fill*         0x080028f6        0x2 
 .text.SPI_WaitFlagStateUntilTimeout
                0x080028f8      0x110 ./Drivers/STM32F4xx_HAL_Driver/Src/stm32f4xx_hal_spi.o
 .text.SPI_EndRxTransaction
                0x08002a08       0xca ./Drivers/STM32F4xx_HAL_Driver/Src/stm32f4xx_hal_spi.o
 *fill*         0x08002ad2        0x2 
 .text.SPI_EndRxTxTransaction
                0x08002ad4       0xa8 ./Drivers/STM32F4xx_HAL_Driver/Src/stm32f4xx_hal_spi.o
 .text.memset   0x08002b7c       0x10 /home/zain/st/stm32cubeide_1.17.0_3/plugins/com.st.stm32cube.ide.mcu.externaltools.gnu-tools-for-stm32.12.3.rel1.linux64_1.1.0.202410170702/tools/bin/../lib/gcc/arm-none-eabi/12.3.1/../../../../arm-none-eabi/lib/thumb/v7e-m+fp/hard/libc_nano.a(libc_a-memset.o)
                0x08002b7c                memset
 .text.__libc_init_array
                0x08002b8c       0x48 /home/zain/st/stm32cubeide_1.17.0_3/plugins/com.st.stm32cube.ide.mcu.externaltools.gnu-tools-for-stm32.12.3.rel1.linux64_1.1.0.202410170702/tools/bin/../lib/gcc/arm-none-eabi/12.3.1/../../../../arm-none-eabi/lib/thumb/v7e-m+fp/hard/libc_nano.a(libc_a-init.o)
                0x08002b8c                __libc_init_array
 *(.glue_7)
 .glue_7        0x08002bd4        0x0 linker stubs
 *(.glue_7t)
 .glue_7t       0x08002bd4        0x0 linker stubs
 *(.eh_frame)
 .eh_frame      0x08002bd4        0x0 /home/zain/st/stm32cubeide_1.17.0_3/plugins/com.st.stm32cube.ide.mcu.externaltools.gnu-tools-for-stm32.12.3.rel1.linux64_1.1.0.202410170702/tools/bin/../lib/gcc/arm-none-eabi/12.3.1/thumb/v7e-m+fp/hard/crtbegin.o
 *(.init)
 .init          0x08002bd4        0x4 /home/zain/st/stm32cubeide_1.17.0_3/plugins/com.st.stm32cube.ide.mcu.externaltools.gnu-tools-for-stm32.12.3.rel1.linux64_1.1.0.202410170702/tools/bin/../lib/gcc/arm-none-eabi/12.3.1/thumb/v7e-m+fp/hard/crti.o
                0x08002bd4                _init
 .init          0x08002bd8        0x8 /home/zain/st/stm32cubeide_1.17.0_3/plugins/com.st.stm32cube.ide.mcu.externaltools.gnu-tools-for-stm32.12.3.rel1.linux64_1.1.0.202410170702/tools/bin/../lib/gcc/arm-none-eabi/12.3.1/thumb/v7e-m+fp/hard/crtn.o
 *(.fini)
 .fini          0x08002be0        0x4 /home/zain/st/stm32cubeide_1.17.0_3/plugins/com.st.stm32cube.ide.mcu.externaltools.gnu-tools-for-stm32.12.3.rel1.linux64_1.1.0.202410170702/tools/bin/../lib/gcc/arm-none-eabi/12.3.1/thumb/v7e-m+fp/hard/crti.o
                0x08002be0                _fini
 .fini          0x08002be4        0x8 /home/zain/st/stm32cubeide_1.17.0_3/plugins/com.st.stm32cube.ide.mcu.externaltools.gnu-tools-for-stm32.12.3.rel1.linux64_1.1.0.202410170702/tools/bin/../lib/gcc/arm-none-eabi/12.3.1/thumb/v7e-m+fp/hard/crtn.o
                0x08002bec                        . = ALIGN (0x4)
                0x08002bec                        _etext = .

.vfp11_veneer   0x08002bec        0x0
 .vfp11_veneer  0x08002bec        0x0 linker stubs

.v4_bx          0x08002bec        0x0
 .v4_bx         0x08002bec        0x0 linker stubs

.iplt           0x08002bec        0x0
 .iplt          0x08002bec        0x0 /home/zain/st/stm32cubeide_1.17.0_3/plugins/com.st.stm32cube.ide.mcu.externaltools.gnu-tools-for-stm32.12.3.rel1.linux64_1.1.0.202410170702/tools/bin/../lib/gcc/arm-none-eabi/12.3.1/thumb/v7e-m+fp/hard/crtbegin.o

.rodata         0x08002bec      0x104
                0x08002bec                        . = ALIGN (0x4)
 *(.rodata)
 .rodata        0x08002bec       0xf4 ./Core/Src/main.o
 *(.rodata*)
 .rodata.AHBPrescTable
                0x08002ce0       0x10 ./Core/Src/system_stm32f4xx.o
                0x08002ce0                AHBPrescTable
                0x08002cf0                        . = ALIGN (0x4)

.ARM.extab      0x08002cf0        0x0
                0x08002cf0                        . = ALIGN (0x4)
 *(.ARM.extab* .gnu.linkonce.armextab.*)
                0x08002cf0                        . = ALIGN (0x4)

.ARM            0x08002cf0        0x8
                0x08002cf0                        . = ALIGN (0x4)
                0x08002cf0                        __exidx_start = .
 *(.ARM.exidx*)
 .ARM.exidx     0x08002cf0        0x8 /home/zain/st/stm32cubeide_1.17.0_3/plugins/com.st.stm32cube.ide.mcu.externaltools.gnu-tools-for-stm32.12.3.rel1.linux64_1.1.0.202410170702/tools/bin/../lib/gcc/arm-none-eabi/12.3.1/thumb/v7e-m+fp/hard/libgcc.a(_udivmoddi4.o)
                0x08002cf8                        __exidx_end = .
                0x08002cf8                        . = ALIGN (0x4)

.preinit_array  0x08002cf8        0x0
                0x08002cf8                        . = ALIGN (0x4)
                0x08002cf8                        PROVIDE (__preinit_array_start = .)
 *(.preinit_array*)
                0x08002cf8                        PROVIDE (__preinit_array_end = .)
                0x08002cf8                        . = ALIGN (0x4)

.init_array     0x08002cf8        0x4
                0x08002cf8                        . = ALIGN (0x4)
                0x08002cf8                        PROVIDE (__init_array_start = .)
 *(SORT_BY_NAME(.init_array.*))
 *(.init_array*)
 .init_array    0x08002cf8        0x4 /home/zain/st/stm32cubeide_1.17.0_3/plugins/com.st.stm32cube.ide.mcu.externaltools.gnu-tools-for-stm32.12.3.rel1.linux64_1.1.0.202410170702/tools/bin/../lib/gcc/arm-none-eabi/12.3.1/thumb/v7e-m+fp/hard/crtbegin.o
                0x08002cfc                        PROVIDE (__init_array_end = .)
                0x08002cfc                        . = ALIGN (0x4)

.fini_array     0x08002cfc        0x4
                0x08002cfc                        . = ALIGN (0x4)
                [!provide]                        PROVIDE (__fini_array_start = .)
 *(SORT_BY_NAME(.fini_array.*))
 *(.fini_array*)
 .fini_array    0x08002cfc        0x4 /home/zain/st/stm32cubeide_1.17.0_3/plugins/com.st.stm32cube.ide.mcu.externaltools.gnu-tools-for-stm32.12.3.rel1.linux64_1.1.0.202410170702/tools/bin/../lib/gcc/arm-none-eabi/12.3.1/thumb/v7e-m+fp/hard/crtbegin.o
                [!provide]                        PROVIDE (__fini_array_end = .)
                0x08002d00                        . = ALIGN (0x4)
                0x08002d00                        _sidata = LOADADDR (.data)

.rel.dyn        0x08002d00        0x0
 .rel.iplt      0x08002d00        0x0 /home/zain/st/stm32cubeide_1.17.0_3/plugins/com.st.stm32cube.ide.mcu.externaltools.gnu-tools-for-stm32.12.3.rel1.linux64_1.1.0.202410170702/tools/bin/../lib/gcc/arm-none-eabi/12.3.1/thumb/v7e-m+fp/hard/crtbegin.o

.data           0x20000000        0xc load address 0x08002d00
                0x20000000                        . = ALIGN (0x4)
                0x20000000                        _sdata = .
 *(.data)
 *(.data*)
 .data.SystemCoreClock
                0x20000000        0x4 ./Core/Src/system_stm32f4xx.o
                0x20000000                SystemCoreClock
 .data.uwTickPrio
                0x20000004        0x4 ./Drivers/STM32F4xx_HAL_Driver/Src/stm32f4xx_hal.o
                0x20000004                uwTickPrio
 .data.uwTickFreq
                0x20000008        0x1 ./Drivers/STM32F4xx_HAL_Driver/Src/stm32f4xx_hal.o
                0x20000008                uwTickFreq
 *(.RamFunc)
 *(.RamFunc*)
                0x2000000c                        . = ALIGN (0x4)
 *fill*         0x20000009        0x3 
                0x2000000c                        _edata = .

.igot.plt       0x2000000c        0x0 load address 0x08002d0c
 .igot.plt      0x2000000c        0x0 /home/zain/st/stm32cubeide_1.17.0_3/plugins/com.st.stm32cube.ide.mcu.externaltools.gnu-tools-for-stm32.12.3.rel1.linux64_1.1.0.202410170702/tools/bin/../lib/gcc/arm-none-eabi/12.3.1/thumb/v7e-m+fp/hard/crtbegin.o
                0x2000000c                        . = ALIGN (0x4)

.bss            0x2000000c       0xac load address 0x08002d0c
                0x2000000c                        _sbss = .
                0x2000000c                        __bss_start__ = _sbss
 *(.bss)
 .bss           0x2000000c       0x1c /home/zain/st/stm32cubeide_1.17.0_3/plugins/com.st.stm32cube.ide.mcu.externaltools.gnu-tools-for-stm32.12.3.rel1.linux64_1.1.0.202410170702/tools/bin/../lib/gcc/arm-none-eabi/12.3.1/thumb/v7e-m+fp/hard/crtbegin.o
 *(.bss*)
 .bss.hspi1     0x20000028       0x58 ./Core/Src/main.o
                0x20000028                hspi1
 .bss.rxMessage
                0x20000080       0x14 ./Core/Src/main.o
                0x20000080                rxMessage
 .bss.heartbeats
                0x20000094       0x20 ./Core/Src/main.o
                0x20000094                heartbeats
 .bss.uwTick    0x200000b4        0x4 ./Drivers/STM32F4xx_HAL_Driver/Src/stm32f4xx_hal.o
                0x200000b4                uwTick
 *(COMMON)
                0x200000b8                        . = ALIGN (0x4)
                0x200000b8                        _ebss = .
                0x200000b8                        __bss_end__ = _ebss

._user_heap_stack
                0x200000b8      0x600 load address 0x08002d0c
                0x200000b8                        . = ALIGN (0x8)
                [!provide]                        PROVIDE (end = .)
                0x200000b8                        PROVIDE (_end = .)
                0x200002b8                        . = (. + _Min_Heap_Size)
 *fill*         0x200000b8      0x200 
                0x200006b8                        . = (. + _Min_Stack_Size)
 *fill*         0x200002b8      0x400 
                0x200006b8                        . = ALIGN (0x8)

/DISCARD/
 libc.a(*)
 libm.a(*)
 libgcc.a(*)

.ARM.attributes
                0x00000000       0x30
 *(.ARM.attributes)
 .ARM.attributes
                0x00000000       0x22 /home/zain/st/stm32cubeide_1.17.0_3/plugins/com.st.stm32cube.ide.mcu.externaltools.gnu-tools-for-stm32.12.3.rel1.linux64_1.1.0.202410170702/tools/bin/../lib/gcc/arm-none-eabi/12.3.1/thumb/v7e-m+fp/hard/crti.o
 .ARM.attributes
                0x00000022       0x34 /home/zain/st/stm32cubeide_1.17.0_3/plugins/com.st.stm32cube.ide.mcu.externaltools.gnu-tools-for-stm32.12.3.rel1.linux64_1.1.0.202410170702/tools/bin/../lib/gcc/arm-none-eabi/12.3.1/thumb/v7e-m+fp/hard/crtbegin.o
 .ARM.attributes
                0x00000056       0x34 ./Core/Src/CANSPI.o
 .ARM.attributes
                0x0000008a       0x34 ./Core/Src/MCP2515.o
 .ARM.attributes
                0x000000be       0x34 ./Core/Src/main.o
 .ARM.attributes
                0x000000f2       0x34 ./Core/Src/stm32f4xx_hal_msp.o
 .ARM.attributes
                0x00000126       0x34 ./Core/Src/stm32f4xx_it.o
 .ARM.attributes
                0x0000015a       0x34 ./Core/Src/system_stm32f4xx.o
 .ARM.attributes
                0x0000018e       0x21 ./Core/Startup/startup_stm32f411ceux.o
 .ARM.attributes
                0x000001af       0x34 ./Drivers/STM32F4xx_HAL_Driver/Src/stm32f4xx_hal.o
 .ARM.attributes
                0x000001e3       0x34 ./Drivers/STM32F4xx_HAL_Driver/Src/stm32f4xx_hal_cortex.o
 .ARM.attributes
                0x00000217       0x34 ./Drivers/STM32F4xx_HAL_Driver/Src/stm32f4xx_hal_gpio.o
 .ARM.attributes
                0x0000024b       0x34 ./Drivers/STM32F4xx_HAL_Driver/Src/stm32f4xx_hal_rcc.o
 .ARM.attributes
                0x0000027f       0x34 ./Drivers/STM32F4xx_HAL_Driver/Src/stm32f4xx_hal_spi.o
 .ARM.attributes
                0x000002b3       0x34 /home/zain/st/stm32cubeide_1.17.0_3/plugins/com.st.stm32cube.ide.mcu.externaltools.gnu-tools-for-stm32.12.3.rel1.linux64_1.1.0.202410170702/tools/bin/../lib/gcc/arm-none-eabi/12.3.1/../../../../arm-none-eabi/lib/thumb/v7e-m+fp/hard/libc_nano.a(libc_a-memset.o)
 .ARM.attributes
                0x000002e7       0x34 /home/zain/st/stm32cubeide_1.17.0_3/plugins/com.st.stm32cube.ide.mcu.externaltools.gnu-tools-for-stm32.12.3.rel1.linux64_1.1.0.202410170702/tools/bin/../lib/gcc/arm-none-eabi/12.3.1/../../../../arm-none-eabi/lib/thumb/v7e-m+fp/hard/libc_nano.a(libc_a-init.o)
 .ARM.attributes
                0x0000031b       0x22 /home/zain/st/stm32cubeide_1.17.0_3/plugins/com.st.stm32cube.ide.mcu.externaltools.gnu-tools-for-stm32.12.3.rel1.linux64_1.1.0.202410170702/tools/bin/../lib/gcc/arm-none-eabi/12.3.1/thumb/v7e-m+fp/hard/libgcc.a(_aeabi_uldivmod.o)
 .ARM.attributes
                0x0000033d       0x34 /home/zain/st/stm32cubeide_1.17.0_3/plugins/com.st.stm32cube.ide.mcu.externaltools.gnu-tools-for-stm32.12.3.rel1.linux64_1.1.0.202410170702/tools/bin/../lib/gcc/arm-none-eabi/12.3.1/thumb/v7e-m+fp/hard/libgcc.a(_udivmoddi4.o)
 .ARM.attributes
                0x00000371       0x22 /home/zain/st/stm32cubeide_1.17.0_3/plugins/com.st.stm32cube.ide.mcu.externaltools.gnu-tools-for-stm32.12.3.rel1.linux64_1.1.0.202410170702/tools/bin/../lib/gcc/arm-none-eabi/12.3.1/thumb/v7e-m+fp/hard/libgcc.a(_dvmd_tls.o)
 .ARM.attributes
                0x00000393       0x22 /home/zain/st/stm32cubeide_1.17.0_3/plugins/com.st.stm32cube.ide.mcu.externaltools.gnu-tools-for-stm32.12.3.rel1.linux64_1.1.0.202410170702/tools/bin/../lib/gcc/arm-none-eabi/12.3.1/thumb/v7e-m+fp/hard/crtn.o
OUTPUT(SMARTASS.elf elf32-littlearm)
LOAD linker stubs
LOAD /home/zain/st/stm32cubeide_1.17.0_3/plugins/com.st.stm32cube.ide.mcu.externaltools.gnu-tools-for-stm32.12.3.rel1.linux64_1.1.0.202410170702/tools/bin/../lib/gcc/arm-none-eabi/12.3.1/../../../../arm-none-eabi/lib/thumb/v7e-m+fp/hard/libc.a
LOAD /home/zain/st/stm32cubeide_1.17.0_3/plugins/com.st.stm32cube.ide.mcu.externaltools.gnu-tools-for-stm32.12.3.rel1.linux64_1.1.0.202410170702/tools/bin/../lib/gcc/arm-none-eabi/12.3.1/../../../../arm-none-eabi/lib/thumb/v7e-m+fp/hard/libm.a
LOAD /home/zain/st/stm32cubeide_1.17.0_3/plugins/com.st.stm32cube.ide.mcu.externaltools.gnu-tools-for-stm32.12.3.rel1.linux64_1.1.0.202410170702/tools/bin/../lib/gcc/arm-none-eabi/12.3.1/thumb/v7e-m+fp/hard/libgcc.a

.debug_info     0x00000000     0x700d
 .debug_info    0x00000000      0xab4 ./Core/Src/CANSPI.o
 .debug_info    0x00000ab4      0xaa9 ./Core/Src/MCP2515.o
 .debug_info    0x0000155d     0x100b ./Core/Src/main.o
 .debug_info    0x00002568      0x94c ./Core/Src/stm32f4xx_hal_msp.o
 .debug_info    0x00002eb4      0x112 ./Core/Src/stm32f4xx_it.o
 .debug_info    0x00002fc6      0x53e ./Core/Src/system_stm32f4xx.o
 .debug_info    0x00003504       0x30 ./Core/Startup/startup_stm32f411ceux.o
 .debug_info    0x00003534      0x8c4 ./Drivers/STM32F4xx_HAL_Driver/Src/stm32f4xx_hal.o
 .debug_info    0x00003df8      0xcfc ./Drivers/STM32F4xx_HAL_Driver/Src/stm32f4xx_hal_cortex.o
 .debug_info    0x00004af4      0x6f9 ./Drivers/STM32F4xx_HAL_Driver/Src/stm32f4xx_hal_gpio.o
 .debug_info    0x000051ed      0x8f0 ./Drivers/STM32F4xx_HAL_Driver/Src/stm32f4xx_hal_rcc.o
 .debug_info    0x00005add     0x1530 ./Drivers/STM32F4xx_HAL_Driver/Src/stm32f4xx_hal_spi.o

.debug_abbrev   0x00000000     0x1744
 .debug_abbrev  0x00000000      0x1f7 ./Core/Src/CANSPI.o
 .debug_abbrev  0x000001f7      0x27e ./Core/Src/MCP2515.o
 .debug_abbrev  0x00000475      0x30b ./Core/Src/main.o
 .debug_abbrev  0x00000780      0x1ac ./Core/Src/stm32f4xx_hal_msp.o
 .debug_abbrev  0x0000092c       0x73 ./Core/Src/stm32f4xx_it.o
 .debug_abbrev  0x0000099f      0x11a ./Core/Src/system_stm32f4xx.o
 .debug_abbrev  0x00000ab9       0x24 ./Core/Startup/startup_stm32f411ceux.o
 .debug_abbrev  0x00000add      0x24b ./Drivers/STM32F4xx_HAL_Driver/Src/stm32f4xx_hal.o
 .debug_abbrev  0x00000d28      0x31d ./Drivers/STM32F4xx_HAL_Driver/Src/stm32f4xx_hal_cortex.o
 .debug_abbrev  0x00001045      0x1d3 ./Drivers/STM32F4xx_HAL_Driver/Src/stm32f4xx_hal_gpio.o
 .debug_abbrev  0x00001218      0x2b6 ./Drivers/STM32F4xx_HAL_Driver/Src/stm32f4xx_hal_rcc.o
 .debug_abbrev  0x000014ce      0x276 ./Drivers/STM32F4xx_HAL_Driver/Src/stm32f4xx_hal_spi.o

.debug_aranges  0x00000000      0x770
 .debug_aranges
                0x00000000       0x70 ./Core/Src/CANSPI.o
 .debug_aranges
                0x00000070       0xb0 ./Core/Src/MCP2515.o
 .debug_aranges
                0x00000120       0xa0 ./Core/Src/main.o
 .debug_aranges
                0x000001c0       0x30 ./Core/Src/stm32f4xx_hal_msp.o
 .debug_aranges
                0x000001f0       0x60 ./Core/Src/stm32f4xx_it.o
 .debug_aranges
                0x00000250       0x28 ./Core/Src/system_stm32f4xx.o
 .debug_aranges
                0x00000278       0x28 ./Core/Startup/startup_stm32f411ceux.o
 .debug_aranges
                0x000002a0       0xf0 ./Drivers/STM32F4xx_HAL_Driver/Src/stm32f4xx_hal.o
 .debug_aranges
                0x00000390      0x130 ./Drivers/STM32F4xx_HAL_Driver/Src/stm32f4xx_hal_cortex.o
 .debug_aranges
                0x000004c0       0x58 ./Drivers/STM32F4xx_HAL_Driver/Src/stm32f4xx_hal_gpio.o
 .debug_aranges
                0x00000518       0x88 ./Drivers/STM32F4xx_HAL_Driver/Src/stm32f4xx_hal_rcc.o
 .debug_aranges
                0x000005a0      0x1d0 ./Drivers/STM32F4xx_HAL_Driver/Src/stm32f4xx_hal_spi.o

.debug_rnglists
                0x00000000      0x59a
 .debug_rnglists
                0x00000000       0x53 ./Core/Src/CANSPI.o
 .debug_rnglists
                0x00000053       0x7f ./Core/Src/MCP2515.o
 .debug_rnglists
                0x000000d2       0x8f ./Core/Src/main.o
 .debug_rnglists
                0x00000161       0x20 ./Core/Src/stm32f4xx_hal_msp.o
 .debug_rnglists
                0x00000181       0x43 ./Core/Src/stm32f4xx_it.o
 .debug_rnglists
                0x000001c4       0x1a ./Core/Src/system_stm32f4xx.o
 .debug_rnglists
                0x000001de       0x19 ./Core/Startup/startup_stm32f411ceux.o
 .debug_rnglists
                0x000001f7       0xaf ./Drivers/STM32F4xx_HAL_Driver/Src/stm32f4xx_hal.o
 .debug_rnglists
                0x000002a6       0xe0 ./Drivers/STM32F4xx_HAL_Driver/Src/stm32f4xx_hal_cortex.o
 .debug_rnglists
                0x00000386       0x3f ./Drivers/STM32F4xx_HAL_Driver/Src/stm32f4xx_hal_gpio.o
 .debug_rnglists
                0x000003c5       0x66 ./Drivers/STM32F4xx_HAL_Driver/Src/stm32f4xx_hal_rcc.o
 .debug_rnglists
                0x0000042b      0x16f ./Drivers/STM32F4xx_HAL_Driver/Src/stm32f4xx_hal_spi.o

.debug_macro    0x00000000    0x14fb2
 .debug_macro   0x00000000      0x1ea ./Core/Src/CANSPI.o
 .debug_macro   0x000001ea      0xab4 ./Core/Src/CANSPI.o
 .debug_macro   0x00000c9e       0x22 ./Core/Src/CANSPI.o
 .debug_macro   0x00000cc0      0x295 ./Core/Src/CANSPI.o
 .debug_macro   0x00000f55       0x2e ./Core/Src/CANSPI.o
 .debug_macro   0x00000f83       0x28 ./Core/Src/CANSPI.o
 .debug_macro   0x00000fab       0x22 ./Core/Src/CANSPI.o
 .debug_macro   0x00000fcd       0x8e ./Core/Src/CANSPI.o
 .debug_macro   0x0000105b       0x51 ./Core/Src/CANSPI.o
 .debug_macro   0x000010ac      0x103 ./Core/Src/CANSPI.o
 .debug_macro   0x000011af       0x6a ./Core/Src/CANSPI.o
 .debug_macro   0x00001219      0x1df ./Core/Src/CANSPI.o
 .debug_macro   0x000013f8       0x1c ./Core/Src/CANSPI.o
 .debug_macro   0x00001414       0x22 ./Core/Src/CANSPI.o
 .debug_macro   0x00001436       0xfb ./Core/Src/CANSPI.o
 .debug_macro   0x00001531     0x1011 ./Core/Src/CANSPI.o
 .debug_macro   0x00002542      0x11f ./Core/Src/CANSPI.o
 .debug_macro   0x00002661     0xb953 ./Core/Src/CANSPI.o
 .debug_macro   0x0000dfb4       0x6d ./Core/Src/CANSPI.o
 .debug_macro   0x0000e021     0x369a ./Core/Src/CANSPI.o
 .debug_macro   0x000116bb      0x189 ./Core/Src/CANSPI.o
 .debug_macro   0x00011844       0x5c ./Core/Src/CANSPI.o
 .debug_macro   0x000118a0      0x45c ./Core/Src/CANSPI.o
 .debug_macro   0x00011cfc      0x9e9 ./Core/Src/CANSPI.o
 .debug_macro   0x000126e5      0x115 ./Core/Src/CANSPI.o
 .debug_macro   0x000127fa      0x11b ./Core/Src/CANSPI.o
 .debug_macro   0x00012915       0xa5 ./Core/Src/CANSPI.o
 .debug_macro   0x000129ba      0x15f ./Core/Src/CANSPI.o
 .debug_macro   0x00012b19      0x287 ./Core/Src/CANSPI.o
 .debug_macro   0x00012da0       0x5f ./Core/Src/CANSPI.o
 .debug_macro   0x00012dff      0x236 ./Core/Src/CANSPI.o
 .debug_macro   0x00013035      0x132 ./Core/Src/CANSPI.o
 .debug_macro   0x00013167      0x264 ./Core/Src/CANSPI.o
 .debug_macro   0x000133cb       0x2e ./Core/Src/CANSPI.o
 .debug_macro   0x000133f9      0x127 ./Core/Src/CANSPI.o
 .debug_macro   0x00013520       0x85 ./Core/Src/CANSPI.o
 .debug_macro   0x000135a5       0x89 ./Core/Src/CANSPI.o
 .debug_macro   0x0001362e      0x225 ./Core/Src/CANSPI.o
 .debug_macro   0x00013853      0x126 ./Core/Src/CANSPI.o
 .debug_macro   0x00013979       0x10 ./Core/Src/CANSPI.o
 .debug_macro   0x00013989       0x10 ./Core/Src/CANSPI.o
 .debug_macro   0x00013999      0x1ba ./Core/Src/CANSPI.o
 .debug_macro   0x00013b53      0x1f9 ./Core/Src/MCP2515.o
 .debug_macro   0x00013d4c      0x1b4 ./Core/Src/MCP2515.o
 .debug_macro   0x00013f00      0x221 ./Core/Src/main.o
 .debug_macro   0x00014121      0x1c9 ./Core/Src/stm32f4xx_hal_msp.o
 .debug_macro   0x000142ea      0x1d3 ./Core/Src/stm32f4xx_it.o
 .debug_macro   0x000144bd      0x1ba ./Core/Src/system_stm32f4xx.o
 .debug_macro   0x00014677      0x21a ./Drivers/STM32F4xx_HAL_Driver/Src/stm32f4xx_hal.o
 .debug_macro   0x00014891      0x1ba ./Drivers/STM32F4xx_HAL_Driver/Src/stm32f4xx_hal_cortex.o
 .debug_macro   0x00014a4b      0x1c0 ./Drivers/STM32F4xx_HAL_Driver/Src/stm32f4xx_hal_gpio.o
 .debug_macro   0x00014c0b      0x1de ./Drivers/STM32F4xx_HAL_Driver/Src/stm32f4xx_hal_rcc.o
 .debug_macro   0x00014de9      0x1c9 ./Drivers/STM32F4xx_HAL_Driver/Src/stm32f4xx_hal_spi.o

.debug_line     0x00000000     0x7b4a
 .debug_line    0x00000000      0x95e ./Core/Src/CANSPI.o
 .debug_line    0x0000095e      0x8d7 ./Core/Src/MCP2515.o
 .debug_line    0x00001235      0x9af ./Core/Src/main.o
 .debug_line    0x00001be4      0x6c6 ./Core/Src/stm32f4xx_hal_msp.o
 .debug_line    0x000022aa      0x73c ./Core/Src/stm32f4xx_it.o
 .debug_line    0x000029e6      0x6fe ./Core/Src/system_stm32f4xx.o
 .debug_line    0x000030e4       0x7a ./Core/Startup/startup_stm32f411ceux.o
 .debug_line    0x0000315e      0x967 ./Drivers/STM32F4xx_HAL_Driver/Src/stm32f4xx_hal.o
 .debug_line    0x00003ac5      0xc59 ./Drivers/STM32F4xx_HAL_Driver/Src/stm32f4xx_hal_cortex.o
 .debug_line    0x0000471e      0xab7 ./Drivers/STM32F4xx_HAL_Driver/Src/stm32f4xx_hal_gpio.o
 .debug_line    0x000051d5      0xcf0 ./Drivers/STM32F4xx_HAL_Driver/Src/stm32f4xx_hal_rcc.o
 .debug_line    0x00005ec5     0x1c85 ./Drivers/STM32F4xx_HAL_Driver/Src/stm32f4xx_hal_spi.o

.debug_str      0x00000000    0x82385
 .debug_str     0x00000000    0x80007 ./Core/Src/CANSPI.o
                              0x8027b (size before relaxing)
 .debug_str     0x00080007      0x625 ./Core/Src/MCP2515.o
                              0x80383 (size before relaxing)
 .debug_str     0x0008062c      0x51c ./Core/Src/main.o
                              0x80080 (size before relaxing)
 .debug_str     0x00080b48       0x63 ./Core/Src/stm32f4xx_hal_msp.o
                              0x7fb8e (size before relaxing)
 .debug_str     0x00080bab       0xc9 ./Core/Src/stm32f4xx_it.o
                              0x7f607 (size before relaxing)
 .debug_str     0x00080c74       0xdb ./Core/Src/system_stm32f4xx.o
                              0x7f716 (size before relaxing)
 .debug_str     0x00080d4f       0x44 ./Core/Startup/startup_stm32f411ceux.o
                                 0x6e (size before relaxing)
 .debug_str     0x00080d93      0x9a2 ./Drivers/STM32F4xx_HAL_Driver/Src/stm32f4xx_hal.o
                              0x80142 (size before relaxing)
 .debug_str     0x00081735      0x392 ./Drivers/STM32F4xx_HAL_Driver/Src/stm32f4xx_hal_cortex.o
                              0x7feac (size before relaxing)
 .debug_str     0x00081ac7      0x121 ./Drivers/STM32F4xx_HAL_Driver/Src/stm32f4xx_hal_gpio.o
                              0x7f891 (size before relaxing)
 .debug_str     0x00081be8      0x233 ./Drivers/STM32F4xx_HAL_Driver/Src/stm32f4xx_hal_rcc.o
                              0x7fb4a (size before relaxing)
 .debug_str     0x00081e1b      0x56a ./Drivers/STM32F4xx_HAL_Driver/Src/stm32f4xx_hal_spi.o
                              0x7ffc2 (size before relaxing)

.comment        0x00000000       0x43
 .comment       0x00000000       0x43 ./Core/Src/CANSPI.o
                                 0x44 (size before relaxing)
 .comment       0x00000043       0x44 ./Core/Src/MCP2515.o
 .comment       0x00000043       0x44 ./Core/Src/main.o
 .comment       0x00000043       0x44 ./Core/Src/stm32f4xx_hal_msp.o
 .comment       0x00000043       0x44 ./Core/Src/stm32f4xx_it.o
 .comment       0x00000043       0x44 ./Core/Src/system_stm32f4xx.o
 .comment       0x00000043       0x44 ./Drivers/STM32F4xx_HAL_Driver/Src/stm32f4xx_hal.o
 .comment       0x00000043       0x44 ./Drivers/STM32F4xx_HAL_Driver/Src/stm32f4xx_hal_cortex.o
 .comment       0x00000043       0x44 ./Drivers/STM32F4xx_HAL_Driver/Src/stm32f4xx_hal_gpio.o
 .comment       0x00000043       0x44 ./Drivers/STM32F4xx_HAL_Driver/Src/stm32f4xx_hal_rcc.o
 .comment       0x00000043       0x44 ./Drivers/STM32F4xx_HAL_Driver/Src/stm32f4xx_hal_spi.o

.debug_frame    0x00000000     0x1d50
 .debug_frame   0x00000000      0x1a0 ./Core/Src/CANSPI.o
 .debug_frame   0x000001a0      0x2b4 ./Core/Src/MCP2515.o
 .debug_frame   0x00000454      0x290 ./Core/Src/main.o
 .debug_frame   0x000006e4       0x80 ./Core/Src/stm32f4xx_hal_msp.o
 .debug_frame   0x00000764      0x104 ./Core/Src/stm32f4xx_it.o
 .debug_frame   0x00000868       0x58 ./Core/Src/system_stm32f4xx.o
 .debug_frame   0x000008c0      0x374 ./Drivers/STM32F4xx_HAL_Driver/Src/stm32f4xx_hal.o
 .debug_frame   0x00000c34      0x508 ./Drivers/STM32F4xx_HAL_Driver/Src/stm32f4xx_hal_cortex.o
 .debug_frame   0x0000113c      0x14c ./Drivers/STM32F4xx_HAL_Driver/Src/stm32f4xx_hal_gpio.o
 .debug_frame   0x00001288      0x1f4 ./Drivers/STM32F4xx_HAL_Driver/Src/stm32f4xx_hal_rcc.o
 .debug_frame   0x0000147c      0x828 ./Drivers/STM32F4xx_HAL_Driver/Src/stm32f4xx_hal_spi.o
 .debug_frame   0x00001ca4       0x20 /home/zain/st/stm32cubeide_1.17.0_3/plugins/com.st.stm32cube.ide.mcu.externaltools.gnu-tools-for-stm32.12.3.rel1.linux64_1.1.0.202410170702/tools/bin/../lib/gcc/arm-none-eabi/12.3.1/../../../../arm-none-eabi/lib/thumb/v7e-m+fp/hard/libc_nano.a(libc_a-memset.o)
 .debug_frame   0x00001cc4       0x2c /home/zain/st/stm32cubeide_1.17.0_3/plugins/com.st.stm32cube.ide.mcu.externaltools.gnu-tools-for-stm32.12.3.rel1.linux64_1.1.0.202410170702/tools/bin/../lib/gcc/arm-none-eabi/12.3.1/../../../../arm-none-eabi/lib/thumb/v7e-m+fp/hard/libc_nano.a(libc_a-init.o)
 .debug_frame   0x00001cf0       0x2c /home/zain/st/stm32cubeide_1.17.0_3/plugins/com.st.stm32cube.ide.mcu.externaltools.gnu-tools-for-stm32.12.3.rel1.linux64_1.1.0.202410170702/tools/bin/../lib/gcc/arm-none-eabi/12.3.1/thumb/v7e-m+fp/hard/libgcc.a(_aeabi_uldivmod.o)
 .debug_frame   0x00001d1c       0x34 /home/zain/st/stm32cubeide_1.17.0_3/plugins/com.st.stm32cube.ide.mcu.externaltools.gnu-tools-for-stm32.12.3.rel1.linux64_1.1.0.202410170702/tools/bin/../lib/gcc/arm-none-eabi/12.3.1/thumb/v7e-m+fp/hard/libgcc.a(_udivmoddi4.o)

.debug_line_str
                0x00000000       0x52
 .debug_line_str
                0x00000000       0x52 ./Core/Startup/startup_stm32f411ceux.o
